// Jest Snapshot v1, https://goo.gl/fbAQLP

exports[`ChartPanel should render 1`] = `
ShallowWrapper {
  Symbol(enzyme.__root__): [Circular],
  Symbol(enzyme.__unrendered__): <WithStyles(ChartPanel)
    history={
      Array [
        Object {
          "id": 1,
          "winner": Object {
            "isComputer": false,
            "name": "player",
            "piece": "o",
          },
        },
        Object {
          "id": 2,
          "winner": Object {
            "isComputer": true,
            "name": "computer",
            "piece": "x",
          },
        },
        Object {
          "id": 3,
          "winner": Object {
            "isComputer": false,
            "name": "player",
            "piece": "o",
          },
        },
        Object {
          "id": 4,
        },
      ]
    }
  />,
  Symbol(enzyme.__renderer__): Object {
    "batchedUpdates": [Function],
    "checkPropTypes": [Function],
    "getNode": [Function],
    "render": [Function],
    "simulateError": [Function],
    "simulateEvent": [Function],
    "unmount": [Function],
  },
  Symbol(enzyme.__node__): Object {
    "instance": null,
    "key": undefined,
    "nodeType": "function",
    "props": Object {
      "classes": Object {
        "root": "ChartPanel-root-1",
      },
      "history": Array [
        Object {
          "id": 1,
          "winner": Object {
            "isComputer": false,
            "name": "player",
            "piece": "o",
          },
        },
        Object {
          "id": 2,
          "winner": Object {
            "isComputer": true,
            "name": "computer",
            "piece": "x",
          },
        },
        Object {
          "id": 3,
          "winner": Object {
            "isComputer": false,
            "name": "player",
            "piece": "o",
          },
        },
        Object {
          "id": 4,
        },
      ],
    },
    "ref": null,
    "rendered": null,
    "type": [Function],
  },
  Symbol(enzyme.__nodes__): Array [
    Object {
      "instance": null,
      "key": undefined,
      "nodeType": "function",
      "props": Object {
        "classes": Object {
          "root": "ChartPanel-root-1",
        },
        "history": Array [
          Object {
            "id": 1,
            "winner": Object {
              "isComputer": false,
              "name": "player",
              "piece": "o",
            },
          },
          Object {
            "id": 2,
            "winner": Object {
              "isComputer": true,
              "name": "computer",
              "piece": "x",
            },
          },
          Object {
            "id": 3,
            "winner": Object {
              "isComputer": false,
              "name": "player",
              "piece": "o",
            },
          },
          Object {
            "id": 4,
          },
        ],
      },
      "ref": null,
      "rendered": null,
      "type": [Function],
    },
  ],
  Symbol(enzyme.__options__): Object {
    "adapter": ReactSixteenAdapter {
      "options": Object {
        "enableComponentDidUpdateOnSetState": true,
        "legacyContextMode": "parent",
        "lifecycles": Object {
          "componentDidUpdate": Object {
            "onSetState": true,
          },
          "getChildContext": Object {
            "calledByRenderer": false,
          },
          "getDerivedStateFromProps": true,
          "getSnapshotBeforeUpdate": true,
          "setState": Object {
            "skipsComponentDidUpdateOnNullish": true,
          },
        },
      },
    },
  },
}
`;
